[INFO] Scanning for projects...
[INFO] 
[INFO] -----------------------< com.merabp:healthcare >------------------------
[INFO] Building  0.0.1-SNAPSHOT
[INFO]   from pom.xml
[INFO] --------------------------------[ jar ]---------------------------------
[INFO] 
[INFO] >>> spring-boot:3.5.13:run (default-cli) > test-compile @ healthcare >>>
[INFO] 
[INFO] --- resources:3.3.1:resources (default-resources) @ healthcare ---
[INFO] Copying 2 resources from src\main\resources to target\classes
[INFO] Copying 22 resources from src\main\resources to target\classes
[INFO] 
[INFO] --- compiler:3.14.1:compile (default-compile) @ healthcare ---
[INFO] Nothing to compile - all classes are up to date.
[INFO] 
[INFO] --- resources:3.3.1:testResources (default-testResources) @ healthcare ---
[INFO] skip non existing resourceDirectory E:\MERABP\backend\src\test\resources
[INFO] 
[INFO] --- compiler:3.14.1:testCompile (default-testCompile) @ healthcare ---
[INFO] Nothing to compile - all classes are up to date.
[INFO] 
[INFO] <<< spring-boot:3.5.13:run (default-cli) < test-compile @ healthcare <<<
[INFO] 
[INFO] 
[INFO] --- spring-boot:3.5.13:run (default-cli) @ healthcare ---
[INFO] Attaching agents: []
Standard Commons Logging discovery in action with spring-jcl: please remove commons-logging.jar from classpath in order to avoid potential conflicts

  .   ____          _            __ _ _
 /\\ / ___'_ __ _ _(_)_ __  __ _ \ \ \ \
( ( )\___ | '_ | '_| | '_ \/ _` | \ \ \ \
 \\/  ___)| |_)| | | | | || (_| |  ) ) ) )
  '  |____| .__|_| |_|_| |_\__, | / / / /
 =========|_|==============|___/=/_/_/_/

 :: Spring Boot ::               (v3.5.13)

2026-05-24T18:48:48.112+05:30  INFO 10964 --- [healthcare] [           main] c.m.healthcare.HealthcareApplication     : Starting HealthcareApplication using Java 23.0.1 with PID 10964 (E:\MERABP\backend\target\classes started by thami in E:\MERABP\backend)
2026-05-24T18:48:48.115+05:30  INFO 10964 --- [healthcare] [           main] c.m.healthcare.HealthcareApplication     : The following 1 profile is active: "prod"
2026-05-24T18:48:49.821+05:30  INFO 10964 --- [healthcare] [           main] .s.d.r.c.RepositoryConfigurationDelegate : Bootstrapping Spring Data JPA repositories in DEFAULT mode.
2026-05-24T18:48:49.933+05:30  INFO 10964 --- [healthcare] [           main] .s.d.r.c.RepositoryConfigurationDelegate : Finished Spring Data repository scanning in 100 ms. Found 6 JPA repository interfaces.
2026-05-24T18:48:50.844+05:30  INFO 10964 --- [healthcare] [           main] o.s.b.w.embedded.tomcat.TomcatWebServer  : Tomcat initialized with port 8080 (http)
2026-05-24T18:48:50.866+05:30  INFO 10964 --- [healthcare] [           main] o.apache.catalina.core.StandardService   : Starting service [Tomcat]
2026-05-24T18:48:50.866+05:30  INFO 10964 --- [healthcare] [           main] o.apache.catalina.core.StandardEngine    : Starting Servlet engine: [Apache Tomcat/10.1.53]
2026-05-24T18:48:50.998+05:30  INFO 10964 --- [healthcare] [           main] o.a.c.c.C.[Tomcat].[localhost].[/]       : Initializing Spring embedded WebApplicationContext
2026-05-24T18:48:50.998+05:30  INFO 10964 --- [healthcare] [           main] w.s.c.ServletWebServerApplicationContext : Root WebApplicationContext: initialization completed in 2474 ms
Standard Commons Logging discovery in action with spring-jcl: please remove commons-logging.jar from classpath in order to avoid potential conflicts
2026-05-24T18:48:51.345+05:30  INFO 10964 --- [healthcare] [           main] o.hibernate.jpa.internal.util.LogHelper  : HHH000204: Processing PersistenceUnitInfo [name: default]
2026-05-24T18:48:51.443+05:30  INFO 10964 --- [healthcare] [           main] org.hibernate.Version                    : HHH000412: Hibernate ORM core version 6.6.45.Final
2026-05-24T18:48:51.493+05:30  INFO 10964 --- [healthcare] [           main] o.h.c.internal.RegionFactoryInitiator    : HHH000026: Second-level cache disabled
2026-05-24T18:48:51.945+05:30  INFO 10964 --- [healthcare] [           main] o.s.o.j.p.SpringPersistenceUnitInfo      : No LoadTimeWeaver setup: ignoring JPA class transformer
2026-05-24T18:48:52.016+05:30  INFO 10964 --- [healthcare] [           main] com.zaxxer.hikari.HikariDataSource       : HikariPool-1 - Starting...
2026-05-24T18:48:52.220+05:30  INFO 10964 --- [healthcare] [           main] com.zaxxer.hikari.pool.HikariPool        : HikariPool-1 - Added connection org.postgresql.jdbc.PgConnection@7e8f23ad
2026-05-24T18:48:52.220+05:30  INFO 10964 --- [healthcare] [           main] com.zaxxer.hikari.HikariDataSource       : HikariPool-1 - Start completed.
2026-05-24T18:48:52.298+05:30  WARN 10964 --- [healthcare] [           main] org.hibernate.orm.deprecation            : HHH90000025: PostgreSQLDialect does not need to be specified explicitly using 'hibernate.dialect' (remove the property setting and it will be selected by default)
2026-05-24T18:48:52.333+05:30  INFO 10964 --- [healthcare] [           main] org.hibernate.orm.connections.pooling    : HHH10001005: Database info:
	Database JDBC URL [Connecting through datasource 'HikariDataSource (HikariPool-1)']
	Database driver: undefined/unknown
	Database version: 16.12
	Autocommit mode: undefined/unknown
	Isolation level: undefined/unknown
	Minimum pool size: undefined/unknown
	Maximum pool size: undefined/unknown
2026-05-24T18:48:54.062+05:30  INFO 10964 --- [healthcare] [           main] o.h.e.t.j.p.i.JtaPlatformInitiator       : HHH000489: No JTA platform available (set 'hibernate.transaction.jta.platform' to enable JTA platform integration)
2026-05-24T18:48:54.257+05:30  INFO 10964 --- [healthcare] [           main] j.LocalContainerEntityManagerFactoryBean : Initialized JPA EntityManagerFactory for persistence unit 'default'
2026-05-24T18:48:54.660+05:30  INFO 10964 --- [healthcare] [           main] o.s.d.j.r.query.QueryEnhancerFactory     : Hibernate is in classpath; If applicable, HQL parser will be used.
2026-05-24T18:48:56.380+05:30  WARN 10964 --- [healthcare] [           main] JpaBaseConfiguration$JpaWebConfiguration : spring.jpa.open-in-view is enabled by default. Therefore, database queries may be performed during view rendering. Explicitly configure spring.jpa.open-in-view to disable this warning
2026-05-24T18:48:56.928+05:30  WARN 10964 --- [healthcare] [           main] .s.s.UserDetailsServiceAutoConfiguration : 

Using generated security password: ccd4a99e-fcf6-45ba-a4e5-6bb8d5ba6d43

This generated password is for development use only. Your security configuration must be updated before running your application in production.

2026-05-24T18:48:56.942+05:30  INFO 10964 --- [healthcare] [           main] r$InitializeUserDetailsManagerConfigurer : Global AuthenticationManager configured with UserDetailsService bean with name inMemoryUserDetailsManager
2026-05-24T18:48:57.669+05:30  INFO 10964 --- [healthcare] [           main] o.s.b.w.embedded.tomcat.TomcatWebServer  : Tomcat started on port 8080 (http) with context path '/'
2026-05-24T18:48:57.689+05:30  INFO 10964 --- [healthcare] [           main] c.m.healthcare.HealthcareApplication     : Started HealthcareApplication in 10.168 seconds (process running for 10.742)
2026-05-24T18:48:57.789+05:30  INFO 10964 --- [healthcare] [   scheduling-1] c.merabp.healthcare.service.OtpService   : Expired OTPs cleaned up
2026-05-24T18:49:44.617+05:30  INFO 10964 --- [healthcare] [0.0-8080-exec-1] o.a.c.c.C.[Tomcat].[localhost].[/]       : Initializing Spring DispatcherServlet 'dispatcherServlet'
2026-05-24T18:49:44.617+05:30  INFO 10964 --- [healthcare] [0.0-8080-exec-1] o.s.web.servlet.DispatcherServlet        : Initializing Servlet 'dispatcherServlet'
2026-05-24T18:49:44.641+05:30  INFO 10964 --- [healthcare] [0.0-8080-exec-1] o.s.web.servlet.DispatcherServlet        : Completed initialization in 8 ms
2026-05-24T19:48:57.823+05:30  INFO 10964 --- [healthcare] [   scheduling-1] c.merabp.healthcare.service.OtpService   : Expired OTPs cleaned up
[INFO] ------------------------------------------------------------------------
[INFO] BUILD FAILURE
[INFO] ------------------------------------------------------------------------
[INFO] Total time:  01:06 h
[INFO] Finished at: 2026-05-24T19:54:50+05:30
[INFO] ------------------------------------------------------------------------
[ERROR] Failed to execute goal org.springframework.boot:spring-boot-maven-plugin:3.5.13:run (default-cli) on project healthcare: Process terminated with exit code: 1 -> [Help 1]
[ERROR] 
[ERROR] To see the full stack trace of the errors, re-run Maven with the -e switch.
[ERROR] Re-run Maven using the -X switch to enable full debug logging.
[ERROR] 
[ERROR] For more information about the errors and possible solutions, please read the following articles:
[ERROR] [Help 1] http://cwiki.apache.org/confluence/display/MAVEN/MojoExecutionException
rors and possible solutions, please read the following articles:
[ERROR] [Help 1] http://cwiki.apache.org/confluence/display/MAVEN/MojoExecutionException
